
> nextn@0.1.0 build
> next build

  Ôû▓ Next.js 14.2.30
  - Environments: .env.local

   Creating an optimized production build ...
> [PWA] Compile server
> [PWA] Compile server
> [PWA] Compile client (static)
> [PWA] Auto register service worker with: C:\Users\tkedd\Documents\Antigravity\finances-1\node_modules\next-pwa\register.js
> [PWA] Service worker: C:\Users\tkedd\Documents\Antigravity\finances-1\public\sw.js
> [PWA]   url: /sw.js
> [PWA]   scope: /
> [PWA] Fallback to precache routes when fetch failed from cache or network:
> [PWA]   document (page): /offline
node.exe : 
At C:\Program Files\nodejs\npm.ps1:29 char:3
+   & $NODE_EXE $NPM_CLI_JS $args
+   ~~~~~~~~~~~~~~~~~~~~~~~~~~~~~
    + CategoryInfo          : NotSpecified: (:String) [], RemoteException
    + FullyQualifiedErrorId : NativeCommandError
 
> Build error occurred
TypeError: Cannot read properties of undefined (reading 'precacheFallback')
    at C:\Users\tkedd\Documents\Antigravity\finances-1\node_modules\next-pwa\ind
ex.js:315:31
    at Array.forEach (<anonymous>)
    at Object.webpack (C:\Users\tkedd\Documents\Antigravity\finances-1\node_modu
les\next-pwa\index.js:314:30)
    at getBaseWebpackConfig (C:\Users\tkedd\Documents\Antigravity\finances-1\nod
e_modules\next\dist\build\webpack-config.js:1838:32)
    at async Promise.all (index 0)
    at async Span.traceAsyncFn (C:\Users\tkedd\Documents\Antigravity\finances-1\
node_modules\next\dist\trace\trace.js:154:20)
    at async webpackBuildImpl (C:\Users\tkedd\Documents\Antigravity\finances-1\n
ode_modules\next\dist\build\webpack-build\impl.js:136:21)
    at async C:\Users\tkedd\Documents\Antigravity\finances-1\node_modules\next\d
ist\build\index.js:1006:111
    at async Span.traceAsyncFn (C:\Users\tkedd\Documents\Antigravity\finances-1\
node_modules\next\dist\trace\trace.js:154:20)
    at async build (C:\Users\tkedd\Documents\Antigravity\finances-1\node_modules
\next\dist\build\index.js:368:9)
